{
    "Should run without failures": {
        "content": [
            {
                "0": [
                    [
                        "test",
                        "raw_reads.stats:md5,e6987c5ac7822172c74d9b7c97383aca"
                    ]
                ]
            },
            "total_length.json:md5,ea9aaf83c95f9c31ca20720e51ee4fd0"
        ],
        "meta": {
            "nf-test": "0.9.2",
            "nextflow": "25.04.6"
        },
        "timestamp": "2025-08-27T14:05:05.540986896"
    }
}